----- js dom: npm test .tests/01-greeting.test.js -----

> js-DOM@0.0.1 test
> jest .tests/01-greeting.test.js

FAIL .tests/01-greeting.test.js (21.744 s)
  Part 1: Greeting
    Greeting functionality
      ✕ displays "Good Morning!" when AM button is clicked (46 ms)
      ✕ displays "Good Night!" when PM button is clicked (10 ms)
      ✕ greeting message changes from AM to PM correctly (10 ms)

  ● Part 1: Greeting › Greeting functionality › displays "Good Morning!" when AM button is clicked

    expect(received).toBe(expected) // Object.is equality

    Expected: "Good Morning!"
    Received: ""

      30 |       amButton.click();
      31 |
    > 32 |       expect(greetingElement.textContent).toBe('Good Morning!');
         |                                           ^
      33 |     });
      34 |
      35 |     test('displays "Good Night!" when PM button is clicked', () => {

      at Object.toBe (.tests/01-greeting.test.js:32:43)

  ● Part 1: Greeting › Greeting functionality › displays "Good Night!" when PM button is clicked

    expect(received).toBe(expected) // Object.is equality

    Expected: "Good Night!"
    Received: ""

      42 |       pmButton.click();
      43 |
    > 44 |       expect(greetingElement.textContent).toBe('Good Night!');
         |                                           ^
      45 |     });
      46 |
      47 |     test('greeting message changes from AM to PM correctly', () => {

      at Object.toBe (.tests/01-greeting.test.js:44:43)

  ● Part 1: Greeting › Greeting functionality › greeting message changes from AM to PM correctly

    expect(received).toBe(expected) // Object.is equality

    Expected: "Good Morning!"
    Received: ""

      54 |
      55 |       amButton.click();
    > 56 |       expect(greetingElement.textContent).toBe('Good Morning!');
         |                                           ^
      57 |
      58 |       pmButton.click();
      59 |       expect(greetingElement.textContent).toBe('Good Night!');

      at Object.toBe (.tests/01-greeting.test.js:56:43)

Test Suites: 1 failed, 1 total
Tests:       3 failed, 3 total
Snapshots:   0 total
Time:        22.496 s
Ran all test suites matching /.tests\/01-greeting.test.js/i.
----- js dom color switcher: npm test .tests/02-color-switcher.test.js -----

> js-DOM@0.0.1 test
> jest .tests/02-color-switcher.test.js

FAIL .tests/02-color-switcher.test.js (21.904 s)
  Part 2: Switch the Background Color
    Color changing functionality
      ✕ changes background to red when red button is clicked (46 ms)
      ✕ changes background to yellow when yellow button is clicked (10 ms)
      ✕ changes background to green when green button is clicked (10 ms)
      ✕ changes background to blue when blue button is clicked (9 ms)
      ✕ div color changes correctly between different colors (9 ms)

  ● Part 2: Switch the Background Color › Color changing functionality › changes background to red when red button is clicked

    expect(received).toBe(expected) // Object.is equality

    Expected: "bg_red"
    Received: "bg_grey"

      39 |     redButton.click();
      40 |
    > 41 |     expect(colorDiv.className).toBe('bg_red');
         |                                ^
      42 |   });
      43 |
      44 |

      at Object.toBe (.tests/02-color-switcher.test.js:41:32)

  ● Part 2: Switch the Background Color › Color changing functionality › changes background to yellow when yellow button is clicked

    expect(received).toBe(expected) // Object.is equality

    Expected: "bg_yellow"
    Received: "bg_grey"

      52 |       yellowButton.click();
      53 |       
    > 54 |       expect(colorDiv.className).toBe('bg_yellow');
         |                                  ^
      55 |     });
      56 |
      57 |     test('changes background to green when green button is clicked', () => {

      at Object.toBe (.tests/02-color-switcher.test.js:54:34)

  ● Part 2: Switch the Background Color › Color changing functionality › changes background to green when green button is clicked

    expect(received).toBe(expected) // Object.is equality

    Expected: "bg_green"
    Received: "bg_grey"

      63 |       greenButton.click();
      64 |       
    > 65 |       expect(colorDiv.className).toBe('bg_green');
         |                                  ^
      66 |     });
      67 |
      68 |     test('changes background to blue when blue button is clicked', () => {

      at Object.toBe (.tests/02-color-switcher.test.js:65:34)

  ● Part 2: Switch the Background Color › Color changing functionality › changes background to blue when blue button is clicked

    expect(received).toBe(expected) // Object.is equality

    Expected: "bg_blue"
    Received: "bg_grey"

      74 |       blueButton.click();
      75 |       
    > 76 |       expect(colorDiv.className).toBe('bg_blue');
         |                                  ^
      77 |     });
      78 |
      79 |     test('div color changes correctly between different colors', () => {

      at Object.toBe (.tests/02-color-switcher.test.js:76:34)

  ● Part 2: Switch the Background Color › Color changing functionality › div color changes correctly between different colors

    expect(received).toBe(expected) // Object.is equality

    Expected: "bg_red"
    Received: "bg_grey"

      84 |       
      85 |       redButton.click();
    > 86 |       expect(colorDiv.className).toBe('bg_red');
         |                                  ^
      87 |       
      88 |       greenButton.click();
      89 |       expect(colorDiv.className).toBe('bg_green');

      at Object.toBe (.tests/02-color-switcher.test.js:86:34)

Test Suites: 1 failed, 1 total
Tests:       5 failed, 5 total
Snapshots:   0 total
Time:        22.679 s
Ran all test suites matching /.tests\/02-color-switcher.test.js/i.
----- js dom dynamic list: npm test .tests/03-dynamic-list.test.js -----

> js-DOM@0.0.1 test
> jest .tests/03-dynamic-list.test.js

FAIL .tests/03-dynamic-list.test.js (21.614 s)
  Part 3: Create a dynamic list
    List functionality
      ✕ adds item to list when Add button is clicked with valid input (44 ms)
      ✓ does not add item to list when input is empty (10 ms)
      ✕ clears input field after adding item (10 ms)
      ✕ delete button removes only its own list item (9 ms)
      ✕ can add multiple items and delete them individually (9 ms)

  ● Part 3: Create a dynamic list › List functionality › adds item to list when Add button is clicked with valid input

    expect(received).toBe(expected) // Object.is equality

    Expected: 1
    Received: 0

      30 |
      31 |       const listItems = list.querySelectorAll('li');
    > 32 |       expect(listItems.length).toBe(1);
         |                                ^
      33 |
      34 |       const li = listItems[0];
      35 |

      at Object.toBe (.tests/03-dynamic-list.test.js:32:32)

  ● Part 3: Create a dynamic list › List functionality › clears input field after adding item

    expect(received).toBe(expected) // Object.is equality

    Expected: ""
    Received: "Test Item"

      67 |       addButton.click();
      68 |
    > 69 |       expect(input.value).toBe('');
         |                           ^
      70 |     });
      71 |
      72 |     test('delete button removes only its own list item', () => {

      at Object.toBe (.tests/03-dynamic-list.test.js:69:27)

  ● Part 3: Create a dynamic list › List functionality › delete button removes only its own list item

    expect(received).toBe(expected) // Object.is equality

    Expected: 2
    Received: 0

      86 |
      87 |       let listItems = list.querySelectorAll('li');
    > 88 |       expect(listItems.length).toBe(2);
         |                                ^
      89 |
      90 |       const firstLi = listItems[0];
      91 |       const secondLi = listItems[1];

      at Object.toBe (.tests/03-dynamic-list.test.js:88:32)

  ● Part 3: Create a dynamic list › List functionality › can add multiple items and delete them individually

    expect(received).toBe(expected) // Object.is equality

    Expected: 3
    Received: 0

      119 |
      120 |       let listItems = list.querySelectorAll('li');
    > 121 |       expect(listItems.length).toBe(3);
          |                                ^
      122 |
      123 |       // Delete middle item
      124 |       const middleDeleteButton = listItems[1].querySelector('button');

      at Object.toBe (.tests/03-dynamic-list.test.js:121:32)

Test Suites: 1 failed, 1 total
Tests:       4 failed, 1 passed, 5 total
Snapshots:   0 total
Time:        22.365 s, estimated 23 s
Ran all test suites matching /.tests\/03-dynamic-list.test.js/i.
