----- js dom: npm test .tests/01-greeting.test.js -----

> js-DOM@0.0.1 test
> jest .tests/01-greeting.test.js

PASS .tests/01-greeting.test.js (21.734 s)
  Part 1: Greeting
    Greeting functionality
      ✓ displays "Good Morning!" when AM button is clicked (46 ms)
      ✓ displays "Good Night!" when PM button is clicked (11 ms)
      ✓ greeting message changes from AM to PM correctly (11 ms)

Test Suites: 1 passed, 1 total
Tests:       3 passed, 3 total
Snapshots:   0 total
Time:        22.527 s
Ran all test suites matching /.tests\/01-greeting.test.js/i.
----- js dom color switcher: npm test .tests/02-color-switcher.test.js -----

> js-DOM@0.0.1 test
> jest .tests/02-color-switcher.test.js

PASS .tests/02-color-switcher.test.js (21.62 s)
  Part 2: Switch the Background Color
    Color changing functionality
      ✓ changes background to red when red button is clicked (55 ms)
      ✓ changes background to yellow when yellow button is clicked (13 ms)
      ✓ changes background to green when green button is clicked (12 ms)
      ✓ changes background to blue when blue button is clicked (11 ms)
      ✓ div color changes correctly between different colors (13 ms)

Test Suites: 1 passed, 1 total
Tests:       5 passed, 5 total
Snapshots:   0 total
Time:        22.407 s
Ran all test suites matching /.tests\/02-color-switcher.test.js/i.
----- js dom dynamic list: npm test .tests/03-dynamic-list.test.js -----

> js-DOM@0.0.1 test
> jest .tests/03-dynamic-list.test.js

  console.log
    empty list!

      at VirtualConsole.onMethodCall (node_modules/jsdom/lib/jsdom/virtual-console.js:22:29)

  console.log
    empty list!

      at VirtualConsole.onMethodCall (node_modules/jsdom/lib/jsdom/virtual-console.js:22:29)

  console.log
    empty list!

      at VirtualConsole.onMethodCall (node_modules/jsdom/lib/jsdom/virtual-console.js:22:29)

  console.log
    empty list!

      at VirtualConsole.onMethodCall (node_modules/jsdom/lib/jsdom/virtual-console.js:22:29)

  console.log
    empty list!

      at VirtualConsole.onMethodCall (node_modules/jsdom/lib/jsdom/virtual-console.js:22:29)

  console.log
    empty list!

      at VirtualConsole.onMethodCall (node_modules/jsdom/lib/jsdom/virtual-console.js:22:29)

  console.log
    empty list!

      at VirtualConsole.onMethodCall (node_modules/jsdom/lib/jsdom/virtual-console.js:22:29)

  console.log
    empty list!

      at VirtualConsole.onMethodCall (node_modules/jsdom/lib/jsdom/virtual-console.js:22:29)

PASS .tests/03-dynamic-list.test.js (21.742 s)
  Part 3: Create a dynamic list
    List functionality
      ✓ adds item to list when Add button is clicked with valid input (190 ms)
      ✓ does not add item to list when input is empty (14 ms)
      ✓ clears input field after adding item (13 ms)
      ✓ delete button removes only its own list item (15 ms)
      ✓ can add multiple items and delete them individually (17 ms)

Test Suites: 1 passed, 1 total
Tests:       5 passed, 5 total
Snapshots:   0 total
Time:        22.538 s
Ran all test suites matching /.tests\/03-dynamic-list.test.js/i.
